0001   0000             ;****************************************************************
0002   0000             ;			    'CODE' MONITOR
0003   0000             ; 					V0.1
0004   0000             ;****************************************************************
0005   0000             
0006   0000             ;FOR Z80 COMPUTER - 8 INPUT AND 8 OUTPUT PORTS AVAILABLE
0007   0000             ;ROM ADDRESS 0000H - 7FFFH
0008   0000             ;RAM ADDRESS 8000H - FFFFH
0009   0000             
0010   0000             ;TO IMPLEMENT:
0011   0000             ;OPTIMISE KEY_IN ROUTINE
0012   0000             ;COLD/WARM START SEQUENCES FOR REGISTER SAVE AND USER RESTARTS
0013   0000             ;REGISTER VIEW/EDIT SEQUENCE
0014   0000             
0015   0000             ;****************************************************************
0016   0000             ;			HARDWARE CONSTANTS
0017   0000             ;****************************************************************
0018   0000             
0019   0000             KEY_IN_ADD EQU 00H ;INPUT PORT OF KEYBOARD
0020   0000             DATA_DIS_OUT_ADD EQU 00H ;DISPLAY OUTPUT PORTS
0021   0000             LSB_DIS_OUT_ADD EQU 01H
0022   0000             MSB_DIS_OUT_ADD EQU 02H
0023   0000             
0024   0000             ;****************************************************************
0025   0000             ;			COLD START
0026   0000             ;****************************************************************
0027   0000             
0028   0000             
0029   0000             COLD_START: ;PROPER RESTART SEQUENCE TO BE ADDED
0030   0000 31 FF FF    	LD SP,0FFFFH
0031   0003             	
0032   0003             
0033   0003             
0034   0003             ;****************************************************************
0035   0003             ;			MAIN SCRIPT
0036   0003             ;****************************************************************
0037   0003             
0038   0003             ;DISPLAY DECODE MESSAGE TO SIGNAL COMMAND MODE
0039   0003             COMMAND_MODE:
0040   0003             	;DISPLAY DECODE MESSAGE TO SIGNAL COMMAND MODE
0041   0003 3E C0       	LD A,0C0H
0042   0005 D3 02       	OUT (MSB_DIS_OUT_ADD),A
0043   0007 3E DE       	LD A,0DEH
0044   0009 D3 01       	OUT (LSB_DIS_OUT_ADD),A
0045   000B 3E 00       	LD A,00H
0046   000D D3 00       	OUT (DATA_DIS_OUT_ADD),A
0047   000F             
0048   000F             CODE_MENU:
0049   000F             	;GET USER INPUT: REQUIRES SHIFT+NO TO ENTER MODE
0050   000F 21 00 00    	LD HL,0000H
0051   0012 0E 00       	LD C,00H ;8-BIT INPUT
0052   0014 CD 93 00    	CALL KEY_IN
0053   0017 CB 71       	BIT 6,C ;HAS NEXT BEEN PRESSED?
0054   0019 CA 03 00    	JP Z,COMMAND_MODE ;NO? RETURN TO COMMAND MODE
0055   001C             SHIFT_KEY_TESTS:
0056   001C 7D          	LD A,L
0057   001D FE 01       	CP 01H
0058   001F CA 2F 00    	JP Z,MEMORY_EDITOR ;1 PRESSED SO MEM EDIT
0059   0022 FE 02       	CP 02H ;2 PRESSED SO DO EXE FUNCTION
0060   0024 CA 7A 00    	JP Z,EXE_FROM_MENU
0061   0027 FE 03       	CP 03H ;3 PRESSED SO REGISTER EDIT
0062   0029 CA 6F 00    	JP Z,REGISTER_EDIT
0063   002C C3 0F 00    	JP CODE_MENU
0064   002F             	
0065   002F             ;****************************************************************
0066   002F             ;			MEMORY VIEW/EDIT
0067   002F             ;****************************************************************
0068   002F             	
0069   002F             MEMORY_EDITOR:
0070   002F             
0071   002F             GET_START_ADDRESS:
0072   002F 3E 00       	LD A,00H
0073   0031 D3 02       	OUT (MSB_DIS_OUT_ADD),A
0074   0033 D3 01       	OUT (LSB_DIS_OUT_ADD),A
0075   0035 3E AA       	LD A,0AAH
0076   0037 D3 00       	OUT (DATA_DIS_OUT_ADD),A ;SHOW AA PROMPT
0077   0039 21 00 00    	LD HL,0000H
0078   003C 0E 80       	LD C,80H ;16-BIT NO.
0079   003E CD 93 00    	CALL KEY_IN
0080   0041 CB 71       	BIT 6,C ;HAS NEXT BEEN PRESSED?
0081   0043 CA 2F 00    	JP Z,GET_START_ADDRESS
0082   0046             	
0083   0046 7E          	LD A,(HL) ;SHOW FIRST VALUE
0084   0047 D3 00       	OUT (DATA_DIS_OUT_ADD),A
0085   0049             	
0086   0049 54          	LD D,H
0087   004A 5D          	LD E,L ;de nOW HOLDS ADDRESS VALUE
0088   004B C3 55 00    	JP GET_MEM_VALUE
0089   004E             	
0090   004E             INC_MEM_VALUE:
0091   004E             
0092   004E 13          	INC DE ;GOTO NEXT VALUE
0093   004F             	
0094   004F 7A          	LD A,D
0095   0050 D3 02       	OUT (MSB_DIS_OUT_ADD),A
0096   0052 7B          	LD A,E
0097   0053 D3 01       	OUT (LSB_DIS_OUT_ADD),A
0098   0055             				
0099   0055             GET_MEM_VALUE:
0100   0055             
0101   0055 1A          	LD A,(DE) ;GET NEXT DATA VALUE
0102   0056 D3 00       	OUT (DATA_DIS_OUT_ADD),A
0103   0058             	
0104   0058 6F          	LD L,A
0105   0059 0E 40       	LD C,40H ;8-BIT NO and rotate
0106   005B D5          	PUSH DE
0107   005C CD 95 00    	CALL KEY_IN_NOT_FIRST
0108   005F D1          	POP DE
0109   0060 CB 61       	BIT 4,C ;HAS MENU BEEN PRESSED?
0110   0062 C2 03 00    	JP NZ,COMMAND_MODE
0111   0065 CB 71       	BIT 6,C ;HAS NEXT BEEN PRESSED?
0112   0067 CA 55 00    	JP Z,GET_MEM_VALUE
0113   006A             	
0114   006A             	;SAVE VALUE
0115   006A 7D          	LD A,L
0116   006B 12          	LD (DE),A
0117   006C             	
0118   006C C3 4E 00    	JP INC_MEM_VALUE
0119   006F             	
0120   006F             REGISTER_EDIT:
0121   006F             	;MENU TEST ONLY
0122   006F 3E DD       	LD A,0DDH
0123   0071 D3 00       	OUT (DATA_DIS_OUT_ADD),A
0124   0073 D3 02       	OUT (MSB_DIS_OUT_ADD),A
0125   0075 D3 01       	OUT (LSB_DIS_OUT_ADD),A
0126   0077 C3 0F 00    	JP CODE_MENU ;NORMALLY COMMAND MODE
0127   007A             
0128   007A             EXE_FROM_MENU: 	;SHIFT + 2, REQUEST ADD THEN RUN		
0129   007A             	
0130   007A 3E 00       	LD A,00H
0131   007C D3 02       	OUT (MSB_DIS_OUT_ADD),A
0132   007E D3 01       	OUT (LSB_DIS_OUT_ADD),A
0133   0080 3E EE       	LD A,0EEH
0134   0082 D3 00       	OUT (DATA_DIS_OUT_ADD),A
0135   0084 21 00 00    	LD HL,0000H
0136   0087 0E 80       	LD C,80H ;16-BIT NO.
0137   0089 CD 93 00    	CALL KEY_IN
0138   008C CB 69       	BIT 5,C ;HAS EXE BEEN PRESSED?
0139   008E CA 7A 00    	JP Z,EXE_FROM_MENU 
0140   0091             	;COMMANDS HAVE BEEN ENTERED CORRECT
0141   0091 E5          	PUSH HL
0142   0092 C9          	RET
0143   0093             	
0144   0093             
0145   0093             ;****************************************************************
0146   0093             ;			KEYBOARD SUBROUTINES
0147   0093             ;****************************************************************
0148   0093             
0149   0093             ;KEY_IN - INPUT NUMBER AND RETURN THROUGH NEXT OR EXE OR MENU
0150   0093             ;AND NUMBER
0151   0093             ;GETS A 16-BIT NUMBER FROM THE KEYBOARD AND THEN OUTPUTS IT 
0152   0093             ;ON DISPLAY.
0153   0093             ;INPUT: IN REGISTER C (BIT 7: 0 = 8 BIT, 1 = 16 BIT) I.E. ADDRESS
0154   0093             ;OR DATA DISPLAY
0155   0093             ;OUTPUT: HL (MSB CAN BE IGNORED) AND C RETURNS NEXT, EXE OR MENU
0156   0093             
0157   0093             ;HARDWARE INPUTS: 
0158   0093             ;UPPER NIBBLE:
0159   0093             ;BIT 7: 0 = NO NUMBER PRESENT, 1 = READ STROBE (INCLUDES DEBOUNCING)
0160   0093             ;BIT 6: 0 = MENU KEY PRESSED, 1 = MENU KEY NOT PRESSED
0161   0093             ;BIT 5: 0 = NEXT KEY NOT  PRESSED, 1 = NEXT KEY PRESSED
0162   0093             ;BIT 4: 0 = EXE KEY NOT PRESSED, 1 = EXE KEY PRESSED
0163   0093             ;LOWER NIBBLE OF KEYBOARD PORT HAS USERS NUMBER
0164   0093             
0165   0093             
0166   0093             KEY_IN:
0167   0093 CB B1       	RES 6,C ;SET FIRST KEY
0168   0095             KEY_IN_NOT_FIRST:
0169   0095 DB 00       	IN A,(KEY_IN_ADD)
0170   0097 CB 6F       	BIT 5,A ;HAS NEXT BEEN PRESSED?
0171   0099 C2 D9 00    	JP NZ,NEXT_KEY_IN
0172   009C CB 67       	BIT 4,A ;HAS EXE BEEN PRESSED?
0173   009E C2 F4 00    	JP NZ,EXE_KEY_IN
0174   00A1 CB 77       	BIT 6,A ;HAS SHIFT BEEN PRESSED?
0175   00A3 CA 11 01    	JP Z,MENU_KEY_IN
0176   00A6 CB 7F       	BIT 7,A ;IF STROBE IS NOT SET ZERO FLAG IS SET
0177   00A8 CA 95 00    	JP Z,KEY_IN_NOT_FIRST
0178   00AB             	
0179   00AB F5          	PUSH AF
0180   00AC             	
0181   00AC             NUMBER_RELEASE: ;STROBE IS SET SO WAIT UNTIL ITS RELEASE
0182   00AC DB 00       	IN A,(KEY_IN_ADD)
0183   00AE CB 7F       	BIT 7,A
0184   00B0 C2 AC 00    	JP NZ,NUMBER_RELEASE
0185   00B3             		
0186   00B3 F1          	POP AF
0187   00B4 06 0F       	LD B,0FH
0188   00B6 A0          	AND B ;NEXT NUMBER IN LOWER NIBBLE OF A
0189   00B7             	
0190   00B7             	;IS THIS THE FIRST NUMBER
0191   00B7 CB 71       	BIT 6,C
0192   00B9 CA C0 00    	JP Z,SKIP_SHIFT
0193   00BC             	
0194   00BC             	;SHIFT VALUE IN HL BY FOUR TO THE LEFT
0195   00BC 29          	ADD HL,HL
0196   00BD 29          	ADD HL,HL
0197   00BE 29          	ADD HL,HL
0198   00BF 29          	ADD HL,HL
0199   00C0             SKIP_SHIFT:
0200   00C0 5F          	LD E,A ;ADD NEW NUMBER TO LOWEST END
0201   00C1 16 00       	LD D,00H
0202   00C3 19          	ADD HL,DE
0203   00C4             	
0204   00C4 CB F1       	SET 6,C ;A NUMBER HAS BEEN PRESSED NOW
0205   00C6             	
0206   00C6             	;TEST TO SEE IF A 16-BIT NUMBER IS DISPLAYED
0207   00C6             	
0208   00C6             	;NO? - OUTPUT ON DATA DISPLAY
0209   00C6 CB 79       	BIT 7,C
0210   00C8 7D          	LD A,L
0211   00C9 C2 D1 00    	JP NZ,SHOW_ADD_DIS
0212   00CC             	
0213   00CC             SHOW_DATA_DIS:
0214   00CC             	
0215   00CC D3 00       	OUT (DATA_DIS_OUT_ADD),A
0216   00CE C3 95 00    	JP KEY_IN_NOT_FIRST
0217   00D1             
0218   00D1             
0219   00D1             SHOW_ADD_DIS:
0220   00D1             	
0221   00D1 D3 01       	OUT (LSB_DIS_OUT_ADD),A
0222   00D3 7C          	LD A,H
0223   00D4 D3 02       	OUT (MSB_DIS_OUT_ADD),A
0224   00D6 C3 95 00    	JP KEY_IN_NOT_FIRST
0225   00D9             	
0226   00D9             		
0227   00D9             NEXT_KEY_IN:
0228   00D9 DB 00       	IN A,(00H)
0229   00DB CB 6F       	BIT 5,A ;IF NEXT IS PRESSED ZERO FLAG IS SET
0230   00DD CA D9 00    	JP Z,NEXT_KEY_IN
0231   00E0             	
0232   00E0             	;NEXT PRESSED
0233   00E0             	
0234   00E0 CD 27 01    	CALL DEBOUNCE_DELAY
0235   00E3             	
0236   00E3 DB 00       	IN A,(00H)
0237   00E5 CB 6F       	BIT 5,A 
0238   00E7 CA D9 00    	JP Z,NEXT_KEY_IN
0239   00EA             	
0240   00EA             	;STILL PRESSED? - THEN WAIT FOR RELEASE
0241   00EA             	
0242   00EA             NEXT_KEY_RELEASE:
0243   00EA DB 00       	IN A,(00H)
0244   00EC CB 6F       	BIT 5,A
0245   00EE C2 EA 00    	JP NZ,NEXT_KEY_RELEASE
0246   00F1             	;NEXT KEY PRESSED AND RELEASED - SET FLAG ON C
0247   00F1 CB F1       	SET 6,C
0248   00F3 C9          	RET
0249   00F4             		
0250   00F4             EXE_KEY_IN:
0251   00F4 DB 00       	IN A,(00H)
0252   00F6 CB 67       	BIT 4,A ;IF EXE IS PRESSED ZERO FLAG IS SET
0253   00F8 CA F4 00    	JP Z,EXE_KEY_IN
0254   00FB             	
0255   00FB             	;NEXT PRESSED
0256   00FB             	
0257   00FB CD 27 01    	CALL DEBOUNCE_DELAY
0258   00FE             	
0259   00FE DB 00       	IN A,(00H)
0260   0100 CB 67       	BIT 4,A 
0261   0102 CA F4 00    	JP Z,EXE_KEY_IN
0262   0105             	
0263   0105             	;STILL PRESSED? - THEN WAIT FOR RELEASE
0264   0105             	
0265   0105             EXE_KEY_RELEASE:
0266   0105 DB 00       	IN A,(00H)
0267   0107 CB 67       	BIT 4,A
0268   0109 C2 05 01    	JP NZ,EXE_KEY_RELEASE
0269   010C             	;NEXT KEY PRESSED AND RELEASED - SET FLAG ON C
0270   010C CB B1       	RES 6,C
0271   010E CB E9       	SET 5,C
0272   0110 C9          	RET
0273   0111             
0274   0111             MENU_KEY_IN:
0275   0111 DB 00       	IN A,(00H)
0276   0113 CB 77       	BIT 6,A ;IF NEXT IS PRESSED ZERO FLAG IS SET
0277   0115 C2 11 01    	JP NZ,MENU_KEY_IN
0278   0118             	
0279   0118             	;NEXT PRESSED
0280   0118             	
0281   0118 CD 27 01    	CALL DEBOUNCE_DELAY
0282   011B             	
0283   011B             	;IN A,(00H)
0284   011B             	;BIT 5,A 
0285   011B             	;JP Z,MENU_KEY_IN
0286   011B             	
0287   011B             	;STILL PRESSED? - THEN WAIT FOR RELEASE
0288   011B             	
0289   011B             MENU_KEY_RELEASE:
0290   011B DB 00       	IN A,(00H)
0291   011D CB 77       	BIT 6,A
0292   011F CA 1B 01    	JP Z,MENU_KEY_RELEASE
0293   0122             	;NEXT KEY PRESSED AND RELEASED - SET FLAG ON C
0294   0122 CB B1       	RES 6,C
0295   0124 CB E1       	SET 4,C
0296   0126 C9          	RET
0297   0127             
0298   0127             DEBOUNCE_DELAY: 
0299   0127             	;NOP ;UNCOMMENT FOR IDE DEBUGGING
0300   0127             	;RET
0301   0127 C5          	PUSH BC
0302   0128 D5          	PUSH DE
0303   0129 01 10 00    	LD BC, 0010h
0304   012C             OUTER:
0305   012C 11 00 01    	LD DE, 0100h
0306   012F             INNER:
0307   012F 1B          		DEC DE
0308   0130 7A          		LD A,D
0309   0131 B3          		OR E
0310   0132 C2 2F 01    		JP NZ, INNER
0311   0135 0B          		DEC BC
0312   0136 78          		LD A, B
0313   0137 B1          		OR C
0314   0138 C2 2C 01    		JP NZ, OUTER
0315   013B D1          		POP DE
0316   013C C1          		POP BC
0317   013D C9          		RET
0318   013E             
0319   013E             .ORG 4000H
0320   4000             
0321   4000             ;TEST PROGRAM TO RUN
0322   4000             
0323   4000             EXECUTE:
0324   4000 3E AA       	LD A,0AAH
0325   4002 D3 00       	OUT (DATA_DIS_OUT_ADD),A
0326   4004 D3 02       	OUT (MSB_DIS_OUT_ADD),A
0327   4006 D3 01       	OUT (LSB_DIS_OUT_ADD),A
0328   4008 C3 00 40    	JP EXECUTE
0329   400B             COFFEE:
0330   400B 3E C0       	LD A,0C0H
0331   400D D3 02       	OUT (MSB_DIS_OUT_ADD),A
0332   400F 3E FF       	LD A,0FFH
0333   4011 D3 01       	OUT (LSB_DIS_OUT_ADD),A
0334   4013 3E EE       	LD A,0EEH
0335   4015 D3 00       	OUT (DATA_DIS_OUT_ADD),A
0336   4017 C3 0B 40    	JP COFFEE
0337   401A             
0338   401A             END
Number of errors = 0
